// Jest Snapshot v1, https://goo.gl/fbAQLP

exports[`UserRegister render a small label 1`] = `ShallowWrapper {}`;

exports[`UserRegister should match the snapshot 1`] = `ShallowWrapper {}`;

exports[`render a small label 1`] = `ShallowWrapper {}`;
